jukebox_engine.asm
	group : BANK0                           
vbdefines.asm
		BG_MAP                           = 0x00020000
		BRTA                             = 0x0005F824
		BRTA_DEFAULT                     = 0x0000002A
		BRTB_DEFAULT                     = 0x00000054
		BRTC_DEFAULT                     = 0x00000000
		CHAR_TBL                         = 0x00078000
		DPCTRL                           = 0x0005F822
		DP_DISP                          = 0x00000002
		DP_RE                            = 0x00000100
		DP_SYNCE                         = 0x00000200
		FRMCYC                           = 0x0005F82E
		GPLT0                            = 0x0005F860
		INTCLR                           = 0x0005F804
		INTENB                           = 0x0005F802
		INTPND                           = 0x0005F800
		SDR_LU                           = 0x00000800
		SDR_LD                           = 0x00000400
		SDR_LL                           = 0x00000200
		SDR_LR                           = 0x00000100
		SDR_LT                           = 0x00000020
		SDR_RT                           = 0x00000010
		SDR_B                            = 0x00000008
		SDR_A                            = 0x00000004
		TIMER_TCR                        = 0x02000020
		TIMER_THR                        = 0x0200001C
		TIMER_TLR                        = 0x02000018
		VIP                              = 0x00000000
		VIP_END                          = 0x00080000
		VSU                              = 0x01000000
		VSU_END                          = 0x01000800
		VSU_S1INT                        = 0x01000400
		VSU_SSTOP                        = 0x01000580
		VSU_WAVE_0                       = 0x01000000
		WCR                              = 0x02000024
		WORLD_BGM_NORMAL                 = 0x00000000
		WORLD_END                        = 0x00000040
		WORLD_LON                        = 0x00008000
		WORLD_RON                        = 0x00004000
		WORLD_SCX_0                      = 0x00000000
		WORLD_SCY_0                      = 0x00000000
		WORLD_TBL                        = 0x0003D800
		WRAM                             = 0x05000000
		WRAM_END                         = 0x05010000
		XPCTRL                           = 0x0005F842
		XPSTTS                           = 0x0005F840
		XP_XPEN                          = 0x00000002
		XP_XPRST                         = 0x00000001

jukebox_engine.asm
		DNOT                             = 0x00000006
		DINS                             = 0x00000008
		DVOL                             = 0x0000000A
		DPAN                             = 0x0000000C
		O_S1INT                          = 0x00000000
		O_S1LRV                          = 0x00000004
		O_S1FQL                          = 0x00000008
		O_S1FQH                          = 0x0000000C
		O_S1EV0                          = 0x00000010
		O_S1EV1                          = 0x00000014
		O_S1RAM                          = 0x00000018
	org   : 0x05000000
		BEGIN_VARIABLES                  = 0x05000000
		PRINT_LINE                       = 0x00020A00
		PRINT_STAT                       = 0x00020000
		KEYPAD_STATE                     = 0x05000000
		KEYPAD_PRESSED                   = 0x05000002
		KEYPAD_PREVIOUS                  = 0x05000004
		FRAME_COUNTER                    = 0x05000006
		AUDIO_ENABLE                     = 0x05000008
		PATTERN_PTR                      = 0x05000009
		TUNE_TOGGLE                      = 0x0500000A
		CACHE_STATE                      = 0x0500000B
		CURSOR_POSITION                  = 0x0500000C
		TEXT_PTR                         = 0x0500000D
		TEXT_PTR_NEXT                    = 0x0500000E
		TEXT_PTR_LAST                    = 0x0500000F
		TEXT_FADE_PTR                    = 0x05000010
		CURRENT_TUNE                     = 0x05000012
		TIMER_VALUE                      = 0x05000014
		TOTAL_TIME                       = 0x05000018
		TIMER_COUNT                      = 0x0500001C
		NEW_WAVE                         = 0x05000020
		NEW_WAVE_SRC                     = 0x05000021
		AUDIO_INIT_AREA_START            = 0x05000024
		CHN0                             = 0x05000024
		O_PATTERN_START                  = 0x00000000
		O_INST_PTR                       = 0x00000004
		O_PTR                            = 0x00000008
		O_VOL                            = 0x00000009
		O_BASE_NOTE                      = 0x0000000A
		O_PANNING                        = 0x0000000B
		O_INST_ON                        = 0x0000000C
		O_INST_NOW                       = 0x0000000D
		O_INST_NEXT                      = 0x0000000E
		O_SKIP                           = 0x0000000F
		MAIN_PATTERN_SPEED               = 0x05000084
		PATTERN_SPEED                    = 0x05000085
		CMD_FLAG                         = 0x05000086
		PAN_FLAG                         = 0x05000087
		NOTE                             = 0x05000088
		INSTRUMENT                       = 0x05000089
		VOLUME                           = 0x0500008A
		TRAP                             = 0x0500008B
		ROW                              = 0x0500008C
		SCROLL_FLAG                      = 0x0500008D
		BREAK_FLAG                       = 0x0500008E
		BREAK_TARGET                     = 0x0500008F
		CHANNEL_ON                       = 0x05000090
		AUDIO_INIT_AREA_END              = 0x05000096
		SONG_TABLE                       = 0x05000098
		TEXTLINE_TABLE_RAM               = 0x050000B8
		END_VARIABLES                    = 0x0500011C
	org   : 0x07000000
		BEGIN_BINARY                     = 0x07000000
		RESET                            = 0x07000000
		BEGIN_INIT                       = 0x07000000
		AAA                              = 0x070001B0
		DRAW_TEST_LINE                   = 0x0700026C
		END_INIT                         = 0x0700036A
		MAINLOOP                         = 0x0700036A
		BEGIN_TIMERIRQ                   = 0x0700044E
		TIMER_INTERRUPT                  = 0x0700044E
		ACHECK_REGS                      = 0x070004DC
		BEFORECALL                       = 0x0700053A
		SKIP_AUDIO                       = 0x07000582
		AFTERCALL                        = 0x07000582
		BCHECK_REGS                      = 0x07000696
		END_TIMERIRQ                     = 0x07000722
		LOGO_PALETTE                     = 0x07000722
		INIT_PLAYER                      = 0x0700072A
		SET_NEW_WAVES                    = 0x070007B0
		BEGIN_PLAYER1                    = 0x07000922
		AUDIO_PLAYFRAME                  = 0x07000922
		AUDIO_READ_PATTERN_DATA          = 0x070009C8
		COL_LOOP                         = 0x070009DA
		COL_NOT_DONE                     = 0x07000A14
		FULL_RUN_OF_ZEROES               = 0x07000A1A
		NO_SKIP_OF_NEXT_ROW              = 0x07000A2C
		COLUMN_DONE                      = 0x07000B90
		SET_NEW_ORDER                    = 0x07000BB4
		SET_TEMPO                        = 0x07000BC4
		SET_NOTHING                      = 0x07000BDC
		NO_TEMPO                         = 0x07000BDC
		CHANNEL_COMPLETE                 = 0x07000BDC
		DONT_PLAY                        = 0x07000BFE
		THIS_COL_COMPLETE                = 0x07000BFE
		WE_CONTINUE_WITH_NEXT_COL        = 0x07000BFE
		ROW_DONE                         = 0x07000C20
		NO_C_COMMAND                     = 0x07000C4E
		CONT                             = 0x07000C52
		NORMAL_ROW_DONE                  = 0x07000CA8
		ENDKK                            = 0x07000D16
		INCREASE_PATTERNPTR              = 0x07000D18
		READ_BYTE                        = 0x07000D24
		INCREASE_PTR                     = 0x07000D32
		AUDIO_SET_PATTERN                = 0x07000D3E
		SCROLL_UP                        = 0x07000E28
		START_INSTRUMENT                 = 0x07000E4E
		PLAY_INSTRUMENT                  = 0x07000EE4
		END_PLAYER1                      = 0x070010E0
		READ_KEYPAD_HW                   = 0x070010E0
		READ_KEYPAD                      = 0x07001104
		BOTH_METHODS                     = 0x0700112E
		DONE                             = 0x0700115E
		ACT_ON_KEYS                      = 0x07001160
		RESET_TIMER                      = 0x07001474
		WRITE_TEXT                       = 0x070014B6
		TEXTLINE_TABLE_ROM               = 0x07001594
		TEXT_TABLE                       = 0x070015E8
		PAL_TABLE                        = 0x07001660
		DEPTH_TABLE                      = 0x07001670
		BEGIN_TEXT                       = 0x07001680
		TEXT_LINE00                      = 0x07001680
		TEXT_LINE01                      = 0x070016AF
		TEXT_LINE02                      = 0x070016DE
		TEXT_LINE03                      = 0x0700170D
		TEXT_LINE04                      = 0x0700173C
		TEXT_LINE05                      = 0x0700176B
		TEXT_LINE05B                     = 0x0700179A
		TEXT_LINE05C                     = 0x070017C9
		TEXT_LINE06                      = 0x070017F8
		TEXT_LINE06A                     = 0x07001827
		TEXT_LINE06B                     = 0x07001856
		TEXT_LINE06C                     = 0x07001885
		TEXT_LINE06D                     = 0x070018B4
		TEXT_LINE06E                     = 0x070018E3
		TEXT_LINE06F                     = 0x07001912
		TEXT_LINE06G                     = 0x07001941
		TEXT_LINE06H                     = 0x07001970
		TEXT_LINE_THANKS                 = 0x0700199F
		TEXT_LINE_THANKS2                = 0x070019CE
		TEXT_LINE_THANKS3                = 0x070019FD
		TEXT_LINE08                      = 0x07001A2C
		TEXT_LINE09                      = 0x07001A5B
		TEXT_LINE0A                      = 0x07001A8A
		TEXT_LINE0B                      = 0x07001AB9
		TEXT_LINE0C                      = 0x07001AE8
		TEXT_LINE0D                      = 0x07001B17
		TEXT_LINE0E                      = 0x07001B46
		TEXT_LINE0F                      = 0x07001B75
		TEXT_LINE07                      = 0x07001BA4
		END_TEXT                         = 0x07001BD3
		BEGIN_GENHEX                     = 0x07001BD4
		GENERATE_HEXFONT                 = 0x07001BD4
		HEXFONTDATA                      = 0x07001C36
		END_GENHEX                       = 0x07001CB8
		SETUP_BITMAP                     = 0x07001CB8
		SETUP_WORLDS                     = 0x07001D08
		WORLDCOUNT                       = 0x00000004
		BEGIN_DEPACK                     = 0x07001DAE
		DEPACK                           = 0x07001DAE
		END_DEPACK                       = 0x07001E2A
		MY_WORLD_ATTR                    = 0x07001E2C
		PALETTE_DATA                     = 0x07001EAC
		COLUMN_TABLE_DATA                = 0x07001EBC
		INIT_TEXT                        = 0x07001F3C
		INIT_SONG                        = 0x07001F72
		NOTES_LO                         = 0x07001FC8
		NOTES_HI                         = 0x0700202B
		PANTABLE                         = 0x0700208E
		FONT_CHARSET                     = 0x07002110
		FONT_CHARSET_END                 = 0x07002513
		BG_MASK                          = 0x07002514
		BG_LOGO                          = 0x07002554
		LOGO_CHARSET                     = 0x070025AC
		SONG_COL_TABLE                   = 0x00000000
		SONG_WAVESET_TABLE               = 0x00000004
		SONG_INSTRUMENT_TABLE            = 0x00000008
		SONG_MY_WAVE_0                   = 0x0000000C
		SONG_PLAYLIST                    = 0x00000010
		SONG_CHANNEL_TABLE               = 0x00000014
		HARDNOTE                         = 0x00000040
		VOL                              = 0x00000008
		WAVE                             = 0x00000004
		NOTE_OFF                         = 0x00000010
		FREQ_OFF                         = 0x00000020
		LOOPER                           = 0x00000080
		BEFORE_SONGDATA                  = 0x07002600
	org   : 0x07005000
		BEGIN_SONGDATA                   = 0x07005000
		SONG1_DATA                       = 0x07005000
data_song3.asm

jukebox_engine.asm
		SONG2_DATA                       = 0x07005D44
data_song4.asm

jukebox_engine.asm
		SONG3_DATA                       = 0x07006964
data_song7.asm

jukebox_engine.asm
		END_SONGDATA                     = 0x07007648
		NUMBER_OF_SONGS                  = 0x00000003
		MUSIC_TABLE                      = 0x07007648
		END_BINARY                       = 0x07007654
	org   : 0xFFFFFDE0
	org   : 0xFFFFFDF4
	org   : 0xFFFFFDF9
	org   : 0xFFFFFDFB
	org   : 0xFFFFFDFF
	org   : 0xFFFFFE00
	org   : 0xFFFFFE10
	org   : 0xFFFFFE20
	org   : 0xFFFFFE30
	org   : 0xFFFFFE40
	org   : 0xFFFFFFF0

	End of [BANK0] group = FFFF:FFF9
